// Jest Snapshot v1, https://goo.gl/fbAQLP

exports[`<Main /> render correctly 1`] = `
<main
  class="sc-bcPKhP jhrJfq"
>
  <h1>
    React Avan√ßado
  </h1>
</main>
`;
